Command line invocation:
    /Applications/Xcode.app/Contents/Developer/usr/bin/xcodebuild -project "Gallery Cleaner.xcodeproj" -scheme "Gallery Cleaner" -sdk iphonesimulator -destination "platform=iOS Simulator,name=iPhone 16" build

Build settings from command line:
    SDKROOT = iphonesimulator27.0

ComputePackagePrebuildTargetDependencyGraph

Prepare packages

CreateBuildRequest

SendProjectDescription

CreateBuildOperation

ComputeTargetDependencyGraph
note: Building targets in dependency order
note: Target dependency graph (1 target)
    Target 'Gallery Cleaner' in project 'Gallery Cleaner' (no dependencies)

GatherProvisioningInputs

CreateBuildDescription

ExecuteExternalTool /Applications/Xcode.app/Contents/Developer/Toolchains/XcodeDefault.xctoolchain/usr/bin/clang -v -E -dM -isysroot /Applications/Xcode.app/Contents/Developer/Platforms/iPhoneSimulator.platform/Developer/SDKs/iPhoneSimulator27.0.sdk -x c -c /dev/null

ExecuteExternalTool /Applications/Xcode.app/Contents/Developer/usr/bin/actool --print-asset-tag-combinations --output-format xml1 /Users/dumpling999/Dev/Gallery_Cleaner/Gallery Cleaner/Assets.xcassets

ExecuteExternalTool /Applications/Xcode.app/Contents/Developer/usr/bin/actool --version --output-format xml1

ExecuteExternalTool /Applications/Xcode.app/Contents/Developer/Toolchains/XcodeDefault.xctoolchain/usr/bin/swiftc --version

ExecuteExternalTool /Applications/Xcode.app/Contents/Developer/Toolchains/XcodeDefault.xctoolchain/usr/bin/ld -version_details

Build description signature: 7b50873b27b04160a901952ff123ddbb
Build description path: /Users/dumpling999/Library/Developer/Xcode/DerivedData/Gallery_Cleaner-ecitmoayydwcfqclwqgdhoimishe/Build/Intermediates.noindex/XCBuildData/7b50873b27b04160a901952ff123ddbb.xcbuilddata
ClangStatCache /Applications/Xcode.app/Contents/Developer/Toolchains/XcodeDefault.xctoolchain/usr/bin/clang-stat-cache /Applications/Xcode.app/Contents/Developer/Platforms/iPhoneSimulator.platform/Developer/SDKs/iPhoneSimulator27.0.sdk /Users/dumpling999/Library/Developer/Xcode/DerivedData/SDKStatCaches.noindex/iphonesimulator27.0-24A430-8dc58220667be655e1bcc261a7455254.sdkstatcache
    cd /Users/dumpling999/Dev/Gallery_Cleaner/Gallery\ Cleaner.xcodeproj
    /Applications/Xcode.app/Contents/Developer/Toolchains/XcodeDefault.xctoolchain/usr/bin/clang-stat-cache /Applications/Xcode.app/Contents/Developer/Platforms/iPhoneSimulator.platform/Developer/SDKs/iPhoneSimulator27.0.sdk -o /Users/dumpling999/Library/Developer/Xcode/DerivedData/SDKStatCaches.noindex/iphonesimulator27.0-24A430-8dc58220667be655e1bcc261a7455254.sdkstatcache

ProcessInfoPlistFile /Users/dumpling999/Library/Developer/Xcode/DerivedData/Gallery_Cleaner-ecitmoayydwcfqclwqgdhoimishe/Build/Products/Debug-iphonesimulator/Gallery\ Cleaner.app/Info.plist /Users/dumpling999/Library/Developer/Xcode/DerivedData/Gallery_Cleaner-ecitmoayydwcfqclwqgdhoimishe/Build/Intermediates.noindex/Gallery\ Cleaner.build/Debug-iphonesimulator/Gallery\ Cleaner.build/empty-Gallery\ Cleaner.plist (in target 'Gallery Cleaner' from project 'Gallery Cleaner')
    cd /Users/dumpling999/Dev/Gallery_Cleaner
    builtin-infoPlistUtility /Users/dumpling999/Library/Developer/Xcode/DerivedData/Gallery_Cleaner-ecitmoayydwcfqclwqgdhoimishe/Build/Intermediates.noindex/Gallery\ Cleaner.build/Debug-iphonesimulator/Gallery\ Cleaner.build/empty-Gallery\ Cleaner.plist -producttype com.apple.product-type.application -genpkginfo /Users/dumpling999/Library/Developer/Xcode/DerivedData/Gallery_Cleaner-ecitmoayydwcfqclwqgdhoimishe/Build/Products/Debug-iphonesimulator/Gallery\ Cleaner.app/PkgInfo -expandbuildsettings -format binary -platform iphonesimulator -additionalcontentfile /Users/dumpling999/Library/Developer/Xcode/DerivedData/Gallery_Cleaner-ecitmoayydwcfqclwqgdhoimishe/Build/Intermediates.noindex/Gallery\ Cleaner.build/Debug-iphonesimulator/Gallery\ Cleaner.build/assetcatalog_generated_info.plist -o /Users/dumpling999/Library/Developer/Xcode/DerivedData/Gallery_Cleaner-ecitmoayydwcfqclwqgdhoimishe/Build/Products/Debug-iphonesimulator/Gallery\ Cleaner.app/Info.plist

SwiftDriver Gallery\ Cleaner normal arm64 com.apple.xcode.tools.swift.compiler (in target 'Gallery Cleaner' from project 'Gallery Cleaner')
    cd /Users/dumpling999/Dev/Gallery_Cleaner
    builtin-SwiftDriver -- /Applications/Xcode.app/Contents/Developer/Toolchains/XcodeDefault.xctoolchain/usr/bin/swiftc -module-name Gallery_Cleaner -Onone @/Users/dumpling999/Library/Developer/Xcode/DerivedData/Gallery_Cleaner-ecitmoayydwcfqclwqgdhoimishe/Build/Intermediates.noindex/Gallery\ Cleaner.build/Debug-iphonesimulator/Gallery\ Cleaner.build/Objects-normal/arm64/Gallery\ Cleaner.SwiftFileList -DDEBUG -default-isolation\=MainActor -enable-bare-slash-regex -enable-upcoming-feature DisableOutwardActorInference -enable-upcoming-feature InferSendableFromCaptures -enable-upcoming-feature GlobalActorIsolatedTypesUsability -enable-upcoming-feature MemberImportVisibility -enable-upcoming-feature InferIsolatedConformances -enable-upcoming-feature NonisolatedNonsendingByDefault -enable-experimental-feature DebugDescriptionMacro -sdk /Applications/Xcode.app/Contents/Developer/Platforms/iPhoneSimulator.platform/Developer/SDKs/iPhoneSimulator27.0.sdk -target arm64-apple-ios27.0-simulator -g -module-cache-path /Users/dumpling999/Library/Developer/Xcode/DerivedData/ModuleCache.noindex -Xfrontend -serialize-debugging-options -enable-testing -index-store-path /Users/dumpling999/Library/Developer/Xcode/DerivedData/Gallery_Cleaner-ecitmoayydwcfqclwqgdhoimishe/Index.noindex/DataStore -Xcc -D_LIBCPP_HARDENING_MODE\=_LIBCPP_HARDENING_MODE_DEBUG -swift-version 5 -I /Users/dumpling999/Library/Developer/Xcode/DerivedData/Gallery_Cleaner-ecitmoayydwcfqclwqgdhoimishe/Build/Products/Debug-iphonesimulator -F /Users/dumpling999/Library/Developer/Xcode/DerivedData/Gallery_Cleaner-ecitmoayydwcfqclwqgdhoimishe/Build/Products/Debug-iphonesimulator -emit-localized-strings -emit-localized-strings-path /Users/dumpling999/Library/Developer/Xcode/DerivedData/Gallery_Cleaner-ecitmoayydwcfqclwqgdhoimishe/Build/Intermediates.noindex/Gallery\ Cleaner.build/Debug-iphonesimulator/Gallery\ Cleaner.build/Objects-normal/arm64 -c -j8 -enable-batch-mode -incremental -Xcc -ivfsstatcache -Xcc /Users/dumpling999/Library/Developer/Xcode/DerivedData/SDKStatCaches.noindex/iphonesimulator27.0-24A430-8dc58220667be655e1bcc261a7455254.sdkstatcache -output-file-map /Users/dumpling999/Library/Developer/Xcode/DerivedData/Gallery_Cleaner-ecitmoayydwcfqclwqgdhoimishe/Build/Intermediates.noindex/Gallery\ Cleaner.build/Debug-iphonesimulator/Gallery\ Cleaner.build/Objects-normal/arm64/Gallery\ Cleaner-OutputFileMap.json -save-temps -no-color-diagnostics -explicit-module-build -module-cache-path /Users/dumpling999/Library/Developer/Xcode/DerivedData/Gallery_Cleaner-ecitmoayydwcfqclwqgdhoimishe/Build/Intermediates.noindex/SwiftExplicitPrecompiledModules -clang-scanner-module-cache-path /Users/dumpling999/Library/Developer/Xcode/DerivedData/ModuleCache.noindex -sdk-module-cache-path /Users/dumpling999/Library/Developer/Xcode/DerivedData/SDKExplicitPrecompiledModules -emit-dependencies -emit-module -emit-module-path /Users/dumpling999/Library/Developer/Xcode/DerivedData/Gallery_Cleaner-ecitmoayydwcfqclwqgdhoimishe/Build/Intermediates.noindex/Gallery\ Cleaner.build/Debug-iphonesimulator/Gallery\ Cleaner.build/Objects-normal/arm64/Gallery_Cleaner.swiftmodule -serialize-diagnostics -dependency-scan-serialize-diagnostics-path /Users/dumpling999/Library/Developer/Xcode/DerivedData/Gallery_Cleaner-ecitmoayydwcfqclwqgdhoimishe/Build/Intermediates.noindex/Gallery\ Cleaner.build/Debug-iphonesimulator/Gallery\ Cleaner.build/Objects-normal/arm64/Gallery_Cleaner-dependency-scan.dia -validate-clang-modules-once -clang-build-session-file /Users/dumpling999/Library/Developer/Xcode/DerivedData/ModuleCache.noindex/Session.modulevalidation -Xcc -fmodules-prune-interval\=86400 -Xcc -fmodules-prune-after\=345600 -emit-const-values -const-gather-protocols-list /Users/dumpling999/Library/Developer/Xcode/DerivedData/Gallery_Cleaner-ecitmoayydwcfqclwqgdhoimishe/Build/Intermediates.noindex/Gallery\ Cleaner.build/Debug-iphonesimulator/Gallery\ Cleaner.build/Objects-normal/arm64/Gallery\ Cleaner_const_extract_protocols.json -Xcc -iquote -Xcc /Users/dumpling999/Library/Developer/Xcode/DerivedData/Gallery_Cleaner-ecitmoayydwcfqclwqgdhoimishe/Build/Intermediates.noindex/Gallery\ Cleaner.build/Debug-iphonesimulator/Gallery\ Cleaner.build/Gallery\ Cleaner-generated-files.hmap -Xcc -I/Users/dumpling999/Library/Developer/Xcode/DerivedData/Gallery_Cleaner-ecitmoayydwcfqclwqgdhoimishe/Build/Intermediates.noindex/Gallery\ Cleaner.build/Debug-iphonesimulator/Gallery\ Cleaner.build/Gallery\ Cleaner-own-target-headers.hmap -Xcc -I/Users/dumpling999/Library/Developer/Xcode/DerivedData/Gallery_Cleaner-ecitmoayydwcfqclwqgdhoimishe/Build/Intermediates.noindex/Gallery\ Cleaner.build/Debug-iphonesimulator/Gallery\ Cleaner.build/Gallery\ Cleaner-all-target-headers.hmap -Xcc -iquote -Xcc /Users/dumpling999/Library/Developer/Xcode/DerivedData/Gallery_Cleaner-ecitmoayydwcfqclwqgdhoimishe/Build/Intermediates.noindex/Gallery\ Cleaner.build/Debug-iphonesimulator/Gallery\ Cleaner.build/Gallery\ Cleaner-project-headers.hmap -Xcc -I/Users/dumpling999/Library/Developer/Xcode/DerivedData/Gallery_Cleaner-ecitmoayydwcfqclwqgdhoimishe/Build/Products/Debug-iphonesimulator/include -Xcc -I/Users/dumpling999/Library/Developer/Xcode/DerivedData/Gallery_Cleaner-ecitmoayydwcfqclwqgdhoimishe/Build/Intermediates.noindex/Gallery\ Cleaner.build/Debug-iphonesimulator/Gallery\ Cleaner.build/DerivedSources-normal/arm64 -Xcc -I/Users/dumpling999/Library/Developer/Xcode/DerivedData/Gallery_Cleaner-ecitmoayydwcfqclwqgdhoimishe/Build/Intermediates.noindex/Gallery\ Cleaner.build/Debug-iphonesimulator/Gallery\ Cleaner.build/DerivedSources/arm64 -Xcc -I/Users/dumpling999/Library/Developer/Xcode/DerivedData/Gallery_Cleaner-ecitmoayydwcfqclwqgdhoimishe/Build/Intermediates.noindex/Gallery\ Cleaner.build/Debug-iphonesimulator/Gallery\ Cleaner.build/DerivedSources -Xcc -DDEBUG\=1 -emit-objc-header -emit-objc-header-path /Users/dumpling999/Library/Developer/Xcode/DerivedData/Gallery_Cleaner-ecitmoayydwcfqclwqgdhoimishe/Build/Intermediates.noindex/Gallery\ Cleaner.build/Debug-iphonesimulator/Gallery\ Cleaner.build/Objects-normal/arm64/Gallery_Cleaner-Swift.h -working-directory /Users/dumpling999/Dev/Gallery_Cleaner -experimental-emit-module-separately -disable-cmo

SwiftCompile normal arm64 Compiling\ CategoryDetailView.swift /Users/dumpling999/Dev/Gallery_Cleaner/Gallery\ Cleaner/Views/CategoryDetailView.swift (in target 'Gallery Cleaner' from project 'Gallery Cleaner')

SwiftCompile normal arm64 /Users/dumpling999/Dev/Gallery_Cleaner/Gallery\ Cleaner/Views/CategoryDetailView.swift (in target 'Gallery Cleaner' from project 'Gallery Cleaner')
    cd /Users/dumpling999/Dev/Gallery_Cleaner
    builtin-SwiftPerFileCompile CategoryDetailView.swift

SwiftCompile normal arm64 Compiling\ MediaDetailView.swift /Users/dumpling999/Dev/Gallery_Cleaner/Gallery\ Cleaner/Views/MediaDetailView.swift (in target 'Gallery Cleaner' from project 'Gallery Cleaner')

SwiftCompile normal arm64 /Users/dumpling999/Dev/Gallery_Cleaner/Gallery\ Cleaner/Views/MediaDetailView.swift (in target 'Gallery Cleaner' from project 'Gallery Cleaner')
    cd /Users/dumpling999/Dev/Gallery_Cleaner
    builtin-SwiftPerFileCompile MediaDetailView.swift

SwiftCompile normal arm64 Compiling\ GalleryViewModel.swift /Users/dumpling999/Dev/Gallery_Cleaner/Gallery\ Cleaner/ViewModels/GalleryViewModel.swift (in target 'Gallery Cleaner' from project 'Gallery Cleaner')

SwiftCompile normal arm64 /Users/dumpling999/Dev/Gallery_Cleaner/Gallery\ Cleaner/ViewModels/GalleryViewModel.swift (in target 'Gallery Cleaner' from project 'Gallery Cleaner')
    cd /Users/dumpling999/Dev/Gallery_Cleaner
    builtin-SwiftPerFileCompile GalleryViewModel.swift

SwiftCompile normal arm64 Compiling\ OnboardingView.swift /Users/dumpling999/Dev/Gallery_Cleaner/Gallery\ Cleaner/Views/OnboardingView.swift (in target 'Gallery Cleaner' from project 'Gallery Cleaner')
/Users/dumpling999/Dev/Gallery_Cleaner/Gallery Cleaner/Views/OnboardingView.swift:81:25: error: cannot find 'hasCompletedOnboarding' in scope
 79 |                 Button(action: {
 80 |                     withAnimation {
 81 |                         hasCompletedOnboarding = true
    |                         `- error: cannot find 'hasCompletedOnboarding' in scope
 82 |                     }
 83 |                 }) {
Failed frontend command:
/Applications/Xcode.app/Contents/Developer/Toolchains/XcodeDefault.xctoolchain/usr/bin/swift-frontend -frontend -c /Users/dumpling999/Dev/Gallery_Cleaner/Gallery\ Cleaner/App/GalleryCleanerApp.swift /Users/dumpling999/Dev/Gallery_Cleaner/Gallery\ Cleaner/Components/CategoryCard.swift /Users/dumpling999/Dev/Gallery_Cleaner/Gallery\ Cleaner/Components/DuplicateGroupView.swift /Users/dumpling999/Dev/Gallery_Cleaner/Gallery\ Cleaner/Components/MediaThumbnail.swift /Users/dumpling999/Dev/Gallery_Cleaner/Gallery\ Cleaner/Components/SelectionToolbar.swift /Users/dumpling999/Dev/Gallery_Cleaner/Gallery\ Cleaner/Components/StorageDonutChart.swift /Users/dumpling999/Dev/Gallery_Cleaner/Gallery\ Cleaner/Components/StorageOverviewView.swift /Users/dumpling999/Dev/Gallery_Cleaner/Gallery\ Cleaner/Models/AppConfig.swift /Users/dumpling999/Dev/Gallery_Cleaner/Gallery\ Cleaner/Models/MediaGroup.swift /Users/dumpling999/Dev/Gallery_Cleaner/Gallery\ Cleaner/Models/MediaItem.swift /Users/dumpling999/Dev/Gallery_Cleaner/Gallery\ Cleaner/Models/ScanState.swift /Users/dumpling999/Dev/Gallery_Cleaner/Gallery\ Cleaner/Services/Similarity/AssetAnalysisData.swift /Users/dumpling999/Dev/Gallery_Cleaner/Gallery\ Cleaner/Services/Similarity/BKTree.swift /Users/dumpling999/Dev/Gallery_Cleaner/Gallery\ Cleaner/Services/Similarity/CandidateGenerator.swift /Users/dumpling999/Dev/Gallery_Cleaner/Gallery\ Cleaner/Services/Similarity/PerceptualHashService.swift /Users/dumpling999/Dev/Gallery_Cleaner/Gallery\ Cleaner/Services/Similarity/PhotoAnalysisCache.swift /Users/dumpling999/Dev/Gallery_Cleaner/Gallery\ Cleaner/Services/Similarity/PhotoAnalysisService.swift /Users/dumpling999/Dev/Gallery_Cleaner/Gallery\ Cleaner/Services/Similarity/PhotoAnalysisTests.swift /Users/dumpling999/Dev/Gallery_Cleaner/Gallery\ Cleaner/Services/Similarity/PhotoRankingService.swift /Users/dumpling999/Dev/Gallery_Cleaner/Gallery\ Cleaner/Services/Similarity/PhotoRankingTests.swift /Users/dumpling999/Dev/Gallery_Cleaner/Gallery\ Cleaner/Services/Similarity/SimilarityClusterer.swift /Users/dumpling999/Dev/Gallery_Cleaner/Gallery\ Cleaner/Services/Similarity/SimilarityConfiguration.swift /Users/dumpling999/Dev/Gallery_Cleaner/Gallery\ Cleaner/Services/Similarity/SimilarityScorer.swift /Users/dumpling999/Dev/Gallery_Cleaner/Gallery\ Cleaner/Services/Similarity/SimilarityTests.swift /Users/dumpling999/Dev/Gallery_Cleaner/Gallery\ Cleaner/Services/Similarity/VisionFeatureService.swift /Users/dumpling999/Dev/Gallery_Cleaner/Gallery\ Cleaner/Services/DuplicatePhotoScanner.swift /Users/dumpling999/Dev/Gallery_Cleaner/Gallery\ Cleaner/Services/DuplicateVideoScanner.swift /Users/dumpling999/Dev/Gallery_Cleaner/Gallery\ Cleaner/Services/MediaFeatureService.swift /Users/dumpling999/Dev/Gallery_Cleaner/Gallery\ Cleaner/Services/MediaHashService.swift /Users/dumpling999/Dev/Gallery_Cleaner/Gallery\ Cleaner/Services/MediaSizeService.swift /Users/dumpling999/Dev/Gallery_Cleaner/Gallery\ Cleaner/Services/PhotoLibraryService.swift /Users/dumpling999/Dev/Gallery_Cleaner/Gallery\ Cleaner/Services/ScreenshotScanner.swift /Users/dumpling999/Dev/Gallery_Cleaner/Gallery\ Cleaner/Services/SimilarPhotoScanner.swift /Users/dumpling999/Dev/Gallery_Cleaner/Gallery\ Cleaner/Services/VideoScanner.swift /Users/dumpling999/Dev/Gallery_Cleaner/Gallery\ Cleaner/ViewModels/GalleryViewModel.swift /Users/dumpling999/Dev/Gallery_Cleaner/Gallery\ Cleaner/Views/CategoryDetailView.swift /Users/dumpling999/Dev/Gallery_Cleaner/Gallery\ Cleaner/Views/HomeView.swift /Users/dumpling999/Dev/Gallery_Cleaner/Gallery\ Cleaner/Views/MediaDetailView.swift -primary-file /Users/dumpling999/Dev/Gallery_Cleaner/Gallery\ Cleaner/Views/OnboardingView.swift /Users/dumpling999/Dev/Gallery_Cleaner/Gallery\ Cleaner/Views/RootView.swift /Users/dumpling999/Library/Developer/Xcode/DerivedData/Gallery_Cleaner-ecitmoayydwcfqclwqgdhoimishe/Build/Intermediates.noindex/Gallery\ Cleaner.build/Debug-iphonesimulator/Gallery\ Cleaner.build/DerivedSources/GeneratedAssetSymbols.swift -emit-dependencies-path /Users/dumpling999/Library/Developer/Xcode/DerivedData/Gallery_Cleaner-ecitmoayydwcfqclwqgdhoimishe/Build/Intermediates.noindex/Gallery\ Cleaner.build/Debug-iphonesimulator/Gallery\ Cleaner.build/Objects-normal/arm64/OnboardingView.d -emit-const-values-path /Users/dumpling999/Library/Developer/Xcode/DerivedData/Gallery_Cleaner-ecitmoayydwcfqclwqgdhoimishe/Build/Intermediates.noindex/Gallery\ Cleaner.build/Debug-iphonesimulator/Gallery\ Cleaner.build/Objects-normal/arm64/OnboardingView.swiftconstvalues -emit-reference-dependencies-path /Users/dumpling999/Library/Developer/Xcode/DerivedData/Gallery_Cleaner-ecitmoayydwcfqclwqgdhoimishe/Build/Intermediates.noindex/Gallery\ Cleaner.build/Debug-iphonesimulator/Gallery\ Cleaner.build/Objects-normal/arm64/OnboardingView.swiftdeps -serialize-diagnostics-path /Users/dumpling999/Library/Developer/Xcode/DerivedData/Gallery_Cleaner-ecitmoayydwcfqclwqgdhoimishe/Build/Intermediates.noindex/Gallery\ Cleaner.build/Debug-iphonesimulator/Gallery\ Cleaner.build/Objects-normal/arm64/OnboardingView.dia -emit-localized-strings -emit-localized-strings-path /Users/dumpling999/Library/Developer/Xcode/DerivedData/Gallery_Cleaner-ecitmoayydwcfqclwqgdhoimishe/Build/Intermediates.noindex/Gallery\ Cleaner.build/Debug-iphonesimulator/Gallery\ Cleaner.build/Objects-normal/arm64 -target arm64-apple-ios27.0-simulator -module-can-import-version DeveloperToolsSupport 24.0.24 24.0.24 -module-can-import-version SwiftUI 8.0.84.1 8.0.84 -module-can-import-version UIKit 9127.0.84.1 9127.0.84 -disable-cross-import-overlay-search -swift-module-cross-import AVKit /Applications/Xcode.app/Contents/Developer/Platforms/iPhoneSimulator.platform/Developer/SDKs/iPhoneSimulator.sdk/System/Library/Frameworks/AVKit.framework/Modules/AVKit.swiftcrossimport/SwiftUI.swiftoverlay -swift-module-cross-import AVKit /Applications/Xcode.app/Contents/Developer/Platforms/iPhoneSimulator.platform/Developer/SDKs/iPhoneSimulator27.0.sdk/System/Library/Frameworks/AVKit.framework/Modules/AVKit.swiftcrossimport/SwiftUI.swiftoverlay -swift-module-cross-import Photos /Applications/Xcode.app/Contents/Developer/Platforms/iPhoneSimulator.platform/Developer/SDKs/iPhoneSimulator.sdk/System/Library/Frameworks/Photos.framework/Modules/Photos.swiftcrossimport/AppIntents.swiftoverlay -swift-module-cross-import Photos /Applications/Xcode.app/Contents/Developer/Platforms/iPhoneSimulator.platform/Developer/SDKs/iPhoneSimulator27.0.sdk/System/Library/Frameworks/Photos.framework/Modules/Photos.swiftcrossimport/AppIntents.swiftoverlay -swift-module-cross-import SwiftData /Applications/Xcode.app/Contents/Developer/Platforms/iPhoneSimulator.platform/Developer/SDKs/iPhoneSimulator27.0.sdk/System/Library/Frameworks/SwiftData.framework/Modules/SwiftData.swiftcrossimport/CoreData.swiftoverlay -swift-module-cross-import SwiftData /Applications/Xcode.app/Contents/Developer/Platforms/iPhoneSimulator.platform/Developer/SDKs/iPhoneSimulator27.0.sdk/System/Library/Frameworks/SwiftData.framework/Modules/SwiftData.swiftcrossimport/SwiftUI.swiftoverlay -load-resolved-plugin /Applications/Xcode.app/Contents/Developer/Platforms/iPhoneOS.platform/Developer/usr/lib/swift/host/plugins/libFoundationMacros.dylib\#/Applications/Xcode.app/Contents/Developer/Platforms/iPhoneOS.platform/Developer/usr/bin/swift-plugin-server\#FoundationMacros -load-resolved-plugin /Applications/Xcode.app/Contents/Developer/Platforms/iPhoneOS.platform/Developer/usr/lib/swift/host/plugins/libObservationMacros.dylib\#/Applications/Xcode.app/Contents/Developer/Platforms/iPhoneOS.platform/Developer/usr/bin/swift-plugin-server\#ObservationMacros -load-resolved-plugin /Applications/Xcode.app/Contents/Developer/Platforms/iPhoneOS.platform/Developer/usr/lib/swift/host/plugins/libPreviewsMacros.dylib\#/Applications/Xcode.app/Contents/Developer/Platforms/iPhoneOS.platform/Developer/usr/bin/swift-plugin-server\#PreviewsMacros -load-resolved-plugin /Applications/Xcode.app/Contents/Developer/Platforms/iPhoneOS.platform/Developer/usr/lib/swift/host/plugins/libSwiftDataMacros.dylib\#/Applications/Xcode.app/Contents/Developer/Platforms/iPhoneOS.platform/Developer/usr/bin/swift-plugin-server\#SwiftDataMacros -load-resolved-plugin /Applications/Xcode.app/Contents/Developer/Platforms/iPhoneOS.platform/Developer/usr/lib/swift/host/plugins/libSwiftMacros.dylib\#/Applications/Xcode.app/Contents/Developer/Platforms/iPhoneOS.platform/Developer/usr/bin/swift-plugin-server\#SwiftMacros -load-resolved-plugin /Applications/Xcode.app/Contents/Developer/Platforms/iPhoneOS.platform/Developer/usr/lib/swift/host/plugins/libSwiftUIMacros.dylib\#/Applications/Xcode.app/Contents/Developer/Platforms/iPhoneOS.platform/Developer/usr/bin/swift-plugin-server\#SwiftUIMacros -load-resolved-plugin /Applications/Xcode.app/Contents/Developer/Platforms/iPhoneOS.platform/Developer/usr/lib/swift/host/plugins/libTipKitMacros.dylib\#/Applications/Xcode.app/Contents/Developer/Platforms/iPhoneOS.platform/Developer/usr/bin/swift-plugin-server\#TipKitMacros -disable-implicit-swift-modules -Xcc -fno-implicit-modules -Xcc -fno-implicit-module-maps -explicit-swift-module-map-file /Users/dumpling999/Library/Developer/Xcode/DerivedData/Gallery_Cleaner-ecitmoayydwcfqclwqgdhoimishe/Build/Intermediates.noindex/Gallery\ Cleaner.build/Debug-iphonesimulator/Gallery\ Cleaner.build/Objects-normal/arm64/Gallery_Cleaner-dependencies-1.json -Xllvm -aarch64-use-tbi -enable-objc-interop -sdk /Applications/Xcode.app/Contents/Developer/Platforms/iPhoneSimulator.platform/Developer/SDKs/iPhoneSimulator27.0.sdk -I /Users/dumpling999/Library/Developer/Xcode/DerivedData/Gallery_Cleaner-ecitmoayydwcfqclwqgdhoimishe/Build/Products/Debug-iphonesimulator -F /Users/dumpling999/Library/Developer/Xcode/DerivedData/Gallery_Cleaner-ecitmoayydwcfqclwqgdhoimishe/Build/Products/Debug-iphonesimulator -module-cache-path /Users/dumpling999/Library/Developer/Xcode/DerivedData/Gallery_Cleaner-ecitmoayydwcfqclwqgdhoimishe/Build/Intermediates.noindex/SwiftExplicitPrecompiledModules -no-color-diagnostics -Xcc -fno-color-diagnostics -enable-testing -g -debug-info-format\=dwarf -dwarf-version\=5 -swift-version 5 -Onone -D DEBUG -serialize-debugging-options -enable-upcoming-feature DisableOutwardActorInference -enable-upcoming-feature InferSendableFromCaptures -enable-upcoming-feature GlobalActorIsolatedTypesUsability -enable-upcoming-feature MemberImportVisibility -enable-upcoming-feature InferIsolatedConformances -enable-upcoming-feature NonisolatedNonsendingByDefault -enable-experimental-feature DebugDescriptionMacro -enable-bare-slash-regex -default-isolation\=MainActor -empty-abi-descriptor -validate-clang-modules-once -clang-build-session-file /Users/dumpling999/Library/Developer/Xcode/DerivedData/ModuleCache.noindex/Session.modulevalidation -Xcc -working-directory -Xcc /Users/dumpling999/Dev/Gallery_Cleaner -enable-anonymous-context-mangled-names -file-compilation-dir /Users/dumpling999/Dev/Gallery_Cleaner -Xcc -D_LIBCPP_HARDENING_MODE\=_LIBCPP_HARDENING_MODE_DEBUG -Xcc -ivfsstatcache -Xcc /Users/dumpling999/Library/Developer/Xcode/DerivedData/SDKStatCaches.noindex/iphonesimulator27.0-24A430-8dc58220667be655e1bcc261a7455254.sdkstatcache -Xcc -fmodules-prune-interval\=86400 -Xcc -fmodules-prune-after\=345600 -Xcc -iquote -Xcc /Users/dumpling999/Library/Developer/Xcode/DerivedData/Gallery_Cleaner-ecitmoayydwcfqclwqgdhoimishe/Build/Intermediates.noindex/Gallery\ Cleaner.build/Debug-iphonesimulator/Gallery\ Cleaner.build/Gallery\ Cleaner-generated-files.hmap -Xcc -I/Users/dumpling999/Library/Developer/Xcode/DerivedData/Gallery_Cleaner-ecitmoayydwcfqclwqgdhoimishe/Build/Intermediates.noindex/Gallery\ Cleaner.build/Debug-iphonesimulator/Gallery\ Cleaner.build/Gallery\ Cleaner-own-target-headers.hmap -Xcc -I/Users/dumpling999/Library/Developer/Xcode/DerivedData/Gallery_Cleaner-ecitmoayydwcfqclwqgdhoimishe/Build/Intermediates.noindex/Gallery\ Cleaner.build/Debug-iphonesimulator/Gallery\ Cleaner.build/Gallery\ Cleaner-all-target-headers.hmap -Xcc -iquote -Xcc /Users/dumpling999/Library/Developer/Xcode/DerivedData/Gallery_Cleaner-ecitmoayydwcfqclwqgdhoimishe/Build/Intermediates.noindex/Gallery\ Cleaner.build/Debug-iphonesimulator/Gallery\ Cleaner.build/Gallery\ Cleaner-project-headers.hmap -Xcc -I/Users/dumpling999/Library/Developer/Xcode/DerivedData/Gallery_Cleaner-ecitmoayydwcfqclwqgdhoimishe/Build/Products/Debug-iphonesimulator/include -Xcc -I/Users/dumpling999/Library/Developer/Xcode/DerivedData/Gallery_Cleaner-ecitmoayydwcfqclwqgdhoimishe/Build/Intermediates.noindex/Gallery\ Cleaner.build/Debug-iphonesimulator/Gallery\ Cleaner.build/DerivedSources-normal/arm64 -Xcc -I/Users/dumpling999/Library/Developer/Xcode/DerivedData/Gallery_Cleaner-ecitmoayydwcfqclwqgdhoimishe/Build/Intermediates.noindex/Gallery\ Cleaner.build/Debug-iphonesimulator/Gallery\ Cleaner.build/DerivedSources/arm64 -Xcc -I/Users/dumpling999/Library/Developer/Xcode/DerivedData/Gallery_Cleaner-ecitmoayydwcfqclwqgdhoimishe/Build/Intermediates.noindex/Gallery\ Cleaner.build/Debug-iphonesimulator/Gallery\ Cleaner.build/DerivedSources -Xcc -DDEBUG\=1 -no-auto-bridging-header-chaining -module-name Gallery_Cleaner -const-gather-protocols-file /Users/dumpling999/Library/Developer/Xcode/DerivedData/Gallery_Cleaner-ecitmoayydwcfqclwqgdhoimishe/Build/Intermediates.noindex/Gallery\ Cleaner.build/Debug-iphonesimulator/Gallery\ Cleaner.build/Objects-normal/arm64/Gallery\ Cleaner_const_extract_protocols.json -disable-clang-spi -clang-target arm64-apple-ios27.0-simulator -target-sdk-version 27.0 -target-sdk-name iphonesimulator27.0 -in-process-plugin-server-path /Applications/Xcode.app/Contents/Developer/Toolchains/XcodeDefault.xctoolchain/usr/lib/swift/host/libSwiftInProcPluginServer.dylib -o /Users/dumpling999/Library/Developer/Xcode/DerivedData/Gallery_Cleaner-ecitmoayydwcfqclwqgdhoimishe/Build/Intermediates.noindex/Gallery\ Cleaner.build/Debug-iphonesimulator/Gallery\ Cleaner.build/Objects-normal/arm64/OnboardingView.o -debug-module-path /Users/dumpling999/Library/Developer/Xcode/DerivedData/Gallery_Cleaner-ecitmoayydwcfqclwqgdhoimishe/Build/Intermediates.noindex/Gallery\ Cleaner.build/Debug-iphonesimulator/Gallery\ Cleaner.build/Objects-normal/arm64/Gallery_Cleaner.swiftmodule -index-unit-output-path /Gallery\ Cleaner.build/Debug-iphonesimulator/Gallery\ Cleaner.build/Objects-normal/arm64/OnboardingView.o -index-store-path /Users/dumpling999/Library/Developer/Xcode/DerivedData/Gallery_Cleaner-ecitmoayydwcfqclwqgdhoimishe/Index.noindex/DataStore -index-system-modules

SwiftCompile normal arm64 /Users/dumpling999/Dev/Gallery_Cleaner/Gallery\ Cleaner/Views/OnboardingView.swift (in target 'Gallery Cleaner' from project 'Gallery Cleaner')
    cd /Users/dumpling999/Dev/Gallery_Cleaner
    builtin-SwiftPerFileCompile OnboardingView.swift

SwiftCompile normal arm64 Compiling\ HomeView.swift /Users/dumpling999/Dev/Gallery_Cleaner/Gallery\ Cleaner/Views/HomeView.swift (in target 'Gallery Cleaner' from project 'Gallery Cleaner')

SwiftCompile normal arm64 /Users/dumpling999/Dev/Gallery_Cleaner/Gallery\ Cleaner/Views/HomeView.swift (in target 'Gallery Cleaner' from project 'Gallery Cleaner')
    cd /Users/dumpling999/Dev/Gallery_Cleaner
    builtin-SwiftPerFileCompile HomeView.swift

SwiftEmitModule normal arm64 Emitting\ module\ for\ Gallery_Cleaner (in target 'Gallery Cleaner' from project 'Gallery Cleaner')

SwiftCompile normal arm64 (in target 'Gallery Cleaner' from project 'Gallery Cleaner')
    cd /Users/dumpling999/Dev/Gallery_Cleaner
    

PruneExplicitPrecompiledModules /Users/dumpling999/Library/Developer/Xcode/DerivedData/Gallery_Cleaner-ecitmoayydwcfqclwqgdhoimishe/Build/Intermediates.noindex/ExplicitPrecompiledModules

PruneExplicitPrecompiledModules /Users/dumpling999/Library/Developer/Xcode/DerivedData/Gallery_Cleaner-ecitmoayydwcfqclwqgdhoimishe/Build/Intermediates.noindex/SwiftExplicitPrecompiledModules

PruneExplicitPrecompiledModules /Users/dumpling999/Library/Developer/Xcode/DerivedData/SDKExplicitPrecompiledModules

note: Disabling hardened runtime with ad-hoc codesigning. (in target 'Gallery Cleaner' from project 'Gallery Cleaner')
